STAR version=STAR_2.6.1a_08-27
STAR compilation time,server,dir=Mon Aug 27 18:20:13 EDT 2018 florence.cshl.edu:/sonas-hs/gingeras/nlsas_norepl/user/dobin/STAR/STAR.master/source
##### DEFAULT parameters:
versionSTAR                       20201
versionGenome                     20101   20200   
parametersFiles                   -   
sysShell                          -
runMode                           alignReads
runThreadN                        1
runDirPerm                        User_RWX
runRNGseed                        777
genomeDir                         ./GenomeDir/
genomeLoad                        NoSharedMemory
genomeFastaFiles                  -   
genomeChainFiles                  -   
genomeSAindexNbases               14
genomeChrBinNbits                 18
genomeSAsparseD                   1
genomeSuffixLengthMax             18446744073709551615
genomeFileSizes                   0   
genomeConsensusFile               -
readFilesType                     Fastx   
readFilesIn                       Read1   Read2   
readFilesPrefix                   -
readFilesCommand                  -   
readMatesLengthsIn                NotEqual
readMapNumber                     18446744073709551615
readNameSeparator                 /   
inputBAMfile                      -
bamRemoveDuplicatesType           -
bamRemoveDuplicatesMate2basesN    0
limitGenomeGenerateRAM            31000000000
limitIObufferSize                 150000000
limitOutSAMoneReadBytes           100000
limitOutSJcollapsed               1000000
limitOutSJoneRead                 1000
limitBAMsortRAM                   0
limitSjdbInsertNsj                1000000
outFileNamePrefix                 ./
outTmpDir                         -
outTmpKeep                        None
outStd                            Log
outReadsUnmapped                  None
outQSconversionAdd                0
outMultimapperOrder               Old_2.4
outSAMtype                        SAM   
outSAMmode                        Full
outSAMstrandField                 None
outSAMattributes                  Standard   
outSAMunmapped                    None   
outSAMorder                       Paired
outSAMprimaryFlag                 OneBestScore
outSAMreadID                      Standard
outSAMmapqUnique                  255
outSAMflagOR                      0
outSAMflagAND                     65535
outSAMattrRGline                  -   
outSAMheaderHD                    -   
outSAMheaderPG                    -   
outSAMheaderCommentFile           -
outBAMcompression                 1
outBAMsortingThreadN              0
outBAMsortingBinsN                50
outSAMfilter                      None   
outSAMmultNmax                    18446744073709551615
outSAMattrIHstart                 1
outSAMtlen                        1
outSJfilterReads                  All
outSJfilterCountUniqueMin         3   1   1   1   
outSJfilterCountTotalMin          3   1   1   1   
outSJfilterOverhangMin            30   12   12   12   
outSJfilterDistToOtherSJmin       10   0   5   10   
outSJfilterIntronMaxVsReadN       50000   100000   200000   
outWigType                        None   
outWigStrand                      Stranded   
outWigReferencesPrefix            -
outWigNorm                        RPM   
outFilterType                     Normal
outFilterMultimapNmax             10
outFilterMultimapScoreRange       1
outFilterScoreMin                 0
outFilterScoreMinOverLread        0.66
outFilterMatchNmin                0
outFilterMatchNminOverLread       0.66
outFilterMismatchNmax             10
outFilterMismatchNoverLmax        0.3
outFilterMismatchNoverReadLmax    1
outFilterIntronMotifs             None
outFilterIntronStrands            RemoveInconsistentStrands
clip5pNbases                      0   
clip3pNbases                      0   
clip3pAfterAdapterNbases          0   
clip3pAdapterSeq                  -   
clip3pAdapterMMp                  0.1   
winBinNbits                       16
winAnchorDistNbins                9
winFlankNbins                     4
winAnchorMultimapNmax             50
winReadCoverageRelativeMin        0.5
winReadCoverageBasesMin           0
scoreGap                          0
scoreGapNoncan                    -8
scoreGapGCAG                      -4
scoreGapATAC                      -8
scoreStitchSJshift                1
scoreGenomicLengthLog2scale       -0.25
scoreDelBase                      -2
scoreDelOpen                      -2
scoreInsOpen                      -2
scoreInsBase                      -2
seedSearchLmax                    0
seedSearchStartLmax               50
seedSearchStartLmaxOverLread      1
seedPerReadNmax                   1000
seedPerWindowNmax                 50
seedNoneLociPerWindow             10
seedMultimapNmax                  10000
seedSplitMin                      12
alignIntronMin                    21
alignIntronMax                    0
alignMatesGapMax                  0
alignTranscriptsPerReadNmax       10000
alignSJoverhangMin                5
alignSJDBoverhangMin              3
alignSJstitchMismatchNmax         0   -1   0   0   
alignSplicedMateMapLmin           0
alignSplicedMateMapLminOverLmate    0.66
alignWindowsPerReadNmax           10000
alignTranscriptsPerWindowNmax     100
alignEndsType                     Local
alignSoftClipAtReferenceEnds      Yes
alignEndsProtrude                 0   ConcordantPair   
alignInsertionFlush               None
peOverlapNbasesMin                0
peOverlapMMp                      0.01
chimSegmentMin                    0
chimScoreMin                      0
chimScoreDropMax                  20
chimScoreSeparation               10
chimScoreJunctionNonGTAG          -1
chimMainSegmentMultNmax           10
chimJunctionOverhangMin           20
chimOutType                       Junctions   
chimFilter                        banGenomicN   
chimSegmentReadGapMax             0
chimMultimapNmax                  0
chimMultimapScoreRange            1
chimNonchimScoreDropMin           20
chimOutJunctionFormat             0   
sjdbFileChrStartEnd               -   
sjdbGTFfile                       -
sjdbGTFchrPrefix                  -
sjdbGTFfeatureExon                exon
sjdbGTFtagExonParentTranscript    transcript_id
sjdbGTFtagExonParentGene          gene_id
sjdbOverhang                      100
sjdbScore                         2
sjdbInsertSave                    Basic
varVCFfile                        -
waspOutputMode                    None
quantMode                         -   
quantTranscriptomeBAMcompression    1
quantTranscriptomeBan             IndelSoftclipSingleend
twopass1readsN                    18446744073709551615
twopassMode                       None
##### Command Line:
STAR --runMode genomeGenerate --runThreadN 4 --genomeDir STAR_index_ERCC92.GeneAdded.mCherry.EGFP --genomeFastaFiles ERCC.mCherry.EGFP.fa --sjdbGTFfile ERCC92.GeneAdded.mCherry.EGFP.gtf
##### Initial USER parameters from Command Line:
###### All USER parameters from Command Line:
runMode                       genomeGenerate     ~RE-DEFINED
runThreadN                    4     ~RE-DEFINED
genomeDir                     STAR_index_ERCC92.GeneAdded.mCherry.EGFP     ~RE-DEFINED
genomeFastaFiles              ERCC.mCherry.EGFP.fa        ~RE-DEFINED
sjdbGTFfile                   ERCC92.GeneAdded.mCherry.EGFP.gtf     ~RE-DEFINED
##### Finished reading parameters from all sources

##### Final user re-defined parameters-----------------:
runMode                           genomeGenerate
runThreadN                        4
genomeDir                         STAR_index_ERCC92.GeneAdded.mCherry.EGFP
genomeFastaFiles                  ERCC.mCherry.EGFP.fa   
sjdbGTFfile                       ERCC92.GeneAdded.mCherry.EGFP.gtf

-------------------------------
##### Final effective command line:
STAR   --runMode genomeGenerate   --runThreadN 4   --genomeDir STAR_index_ERCC92.GeneAdded.mCherry.EGFP   --genomeFastaFiles ERCC.mCherry.EGFP.fa      --sjdbGTFfile ERCC92.GeneAdded.mCherry.EGFP.gtf

##### Final parameters after user input--------------------------------:
versionSTAR                       20201
versionGenome                     20101   20200   
parametersFiles                   -   
sysShell                          -
runMode                           genomeGenerate
runThreadN                        4
runDirPerm                        User_RWX
runRNGseed                        777
genomeDir                         STAR_index_ERCC92.GeneAdded.mCherry.EGFP
genomeLoad                        NoSharedMemory
genomeFastaFiles                  ERCC.mCherry.EGFP.fa   
genomeChainFiles                  -   
genomeSAindexNbases               14
genomeChrBinNbits                 18
genomeSAsparseD                   1
genomeSuffixLengthMax             18446744073709551615
genomeFileSizes                   0   
genomeConsensusFile               -
readFilesType                     Fastx   
readFilesIn                       Read1   Read2   
readFilesPrefix                   -
readFilesCommand                  -   
readMatesLengthsIn                NotEqual
readMapNumber                     18446744073709551615
readNameSeparator                 /   
inputBAMfile                      -
bamRemoveDuplicatesType           -
bamRemoveDuplicatesMate2basesN    0
limitGenomeGenerateRAM            31000000000
limitIObufferSize                 150000000
limitOutSAMoneReadBytes           100000
limitOutSJcollapsed               1000000
limitOutSJoneRead                 1000
limitBAMsortRAM                   0
limitSjdbInsertNsj                1000000
outFileNamePrefix                 ./
outTmpDir                         -
outTmpKeep                        None
outStd                            Log
outReadsUnmapped                  None
outQSconversionAdd                0
outMultimapperOrder               Old_2.4
outSAMtype                        SAM   
outSAMmode                        Full
outSAMstrandField                 None
outSAMattributes                  Standard   
outSAMunmapped                    None   
outSAMorder                       Paired
outSAMprimaryFlag                 OneBestScore
outSAMreadID                      Standard
outSAMmapqUnique                  255
outSAMflagOR                      0
outSAMflagAND                     65535
outSAMattrRGline                  -   
outSAMheaderHD                    -   
outSAMheaderPG                    -   
outSAMheaderCommentFile           -
outBAMcompression                 1
outBAMsortingThreadN              0
outBAMsortingBinsN                50
outSAMfilter                      None   
outSAMmultNmax                    18446744073709551615
outSAMattrIHstart                 1
outSAMtlen                        1
outSJfilterReads                  All
outSJfilterCountUniqueMin         3   1   1   1   
outSJfilterCountTotalMin          3   1   1   1   
outSJfilterOverhangMin            30   12   12   12   
outSJfilterDistToOtherSJmin       10   0   5   10   
outSJfilterIntronMaxVsReadN       50000   100000   200000   
outWigType                        None   
outWigStrand                      Stranded   
outWigReferencesPrefix            -
outWigNorm                        RPM   
outFilterType                     Normal
outFilterMultimapNmax             10
outFilterMultimapScoreRange       1
outFilterScoreMin                 0
outFilterScoreMinOverLread        0.66
outFilterMatchNmin                0
outFilterMatchNminOverLread       0.66
outFilterMismatchNmax             10
outFilterMismatchNoverLmax        0.3
outFilterMismatchNoverReadLmax    1
outFilterIntronMotifs             None
outFilterIntronStrands            RemoveInconsistentStrands
clip5pNbases                      0   
clip3pNbases                      0   
clip3pAfterAdapterNbases          0   
clip3pAdapterSeq                  -   
clip3pAdapterMMp                  0.1   
winBinNbits                       16
winAnchorDistNbins                9
winFlankNbins                     4
winAnchorMultimapNmax             50
winReadCoverageRelativeMin        0.5
winReadCoverageBasesMin           0
scoreGap                          0
scoreGapNoncan                    -8
scoreGapGCAG                      -4
scoreGapATAC                      -8
scoreStitchSJshift                1
scoreGenomicLengthLog2scale       -0.25
scoreDelBase                      -2
scoreDelOpen                      -2
scoreInsOpen                      -2
scoreInsBase                      -2
seedSearchLmax                    0
seedSearchStartLmax               50
seedSearchStartLmaxOverLread      1
seedPerReadNmax                   1000
seedPerWindowNmax                 50
seedNoneLociPerWindow             10
seedMultimapNmax                  10000
seedSplitMin                      12
alignIntronMin                    21
alignIntronMax                    0
alignMatesGapMax                  0
alignTranscriptsPerReadNmax       10000
alignSJoverhangMin                5
alignSJDBoverhangMin              3
alignSJstitchMismatchNmax         0   -1   0   0   
alignSplicedMateMapLmin           0
alignSplicedMateMapLminOverLmate    0.66
alignWindowsPerReadNmax           10000
alignTranscriptsPerWindowNmax     100
alignEndsType                     Local
alignSoftClipAtReferenceEnds      Yes
alignEndsProtrude                 0   ConcordantPair   
alignInsertionFlush               None
peOverlapNbasesMin                0
peOverlapMMp                      0.01
chimSegmentMin                    0
chimScoreMin                      0
chimScoreDropMax                  20
chimScoreSeparation               10
chimScoreJunctionNonGTAG          -1
chimMainSegmentMultNmax           10
chimJunctionOverhangMin           20
chimOutType                       Junctions   
chimFilter                        banGenomicN   
chimSegmentReadGapMax             0
chimMultimapNmax                  0
chimMultimapScoreRange            1
chimNonchimScoreDropMin           20
chimOutJunctionFormat             0   
sjdbFileChrStartEnd               -   
sjdbGTFfile                       ERCC92.GeneAdded.mCherry.EGFP.gtf
sjdbGTFchrPrefix                  -
sjdbGTFfeatureExon                exon
sjdbGTFtagExonParentTranscript    transcript_id
sjdbGTFtagExonParentGene          gene_id
sjdbOverhang                      100
sjdbScore                         2
sjdbInsertSave                    Basic
varVCFfile                        -
waspOutputMode                    None
quantMode                         -   
quantTranscriptomeBAMcompression    1
quantTranscriptomeBan             IndelSoftclipSingleend
twopass1readsN                    18446744073709551615
twopassMode                       None
----------------------------------------

Finished loading and checking parameters
Feb 10 16:46:08 ... starting to generate Genome files
ERCC.mCherry.EGFP.fa : chr # 0  "ERCC-00002" chrStart: 0
ERCC.mCherry.EGFP.fa : chr # 1  "ERCC-00003" chrStart: 262144
ERCC.mCherry.EGFP.fa : chr # 2  "ERCC-00004" chrStart: 524288
ERCC.mCherry.EGFP.fa : chr # 3  "ERCC-00009" chrStart: 786432
ERCC.mCherry.EGFP.fa : chr # 4  "ERCC-00012" chrStart: 1048576
ERCC.mCherry.EGFP.fa : chr # 5  "ERCC-00013" chrStart: 1310720
ERCC.mCherry.EGFP.fa : chr # 6  "ERCC-00014" chrStart: 1572864
ERCC.mCherry.EGFP.fa : chr # 7  "ERCC-00016" chrStart: 1835008
ERCC.mCherry.EGFP.fa : chr # 8  "ERCC-00017" chrStart: 2097152
ERCC.mCherry.EGFP.fa : chr # 9  "ERCC-00019" chrStart: 2359296
ERCC.mCherry.EGFP.fa : chr # 10  "ERCC-00022" chrStart: 2621440
ERCC.mCherry.EGFP.fa : chr # 11  "ERCC-00024" chrStart: 2883584
ERCC.mCherry.EGFP.fa : chr # 12  "ERCC-00025" chrStart: 3145728
ERCC.mCherry.EGFP.fa : chr # 13  "ERCC-00028" chrStart: 3407872
ERCC.mCherry.EGFP.fa : chr # 14  "ERCC-00031" chrStart: 3670016
ERCC.mCherry.EGFP.fa : chr # 15  "ERCC-00033" chrStart: 3932160
ERCC.mCherry.EGFP.fa : chr # 16  "ERCC-00034" chrStart: 4194304
ERCC.mCherry.EGFP.fa : chr # 17  "ERCC-00035" chrStart: 4456448
ERCC.mCherry.EGFP.fa : chr # 18  "ERCC-00039" chrStart: 4718592
ERCC.mCherry.EGFP.fa : chr # 19  "ERCC-00040" chrStart: 4980736
ERCC.mCherry.EGFP.fa : chr # 20  "ERCC-00041" chrStart: 5242880
ERCC.mCherry.EGFP.fa : chr # 21  "ERCC-00042" chrStart: 5505024
ERCC.mCherry.EGFP.fa : chr # 22  "ERCC-00043" chrStart: 5767168
ERCC.mCherry.EGFP.fa : chr # 23  "ERCC-00044" chrStart: 6029312
ERCC.mCherry.EGFP.fa : chr # 24  "ERCC-00046" chrStart: 6291456
ERCC.mCherry.EGFP.fa : chr # 25  "ERCC-00048" chrStart: 6553600
ERCC.mCherry.EGFP.fa : chr # 26  "ERCC-00051" chrStart: 6815744
ERCC.mCherry.EGFP.fa : chr # 27  "ERCC-00053" chrStart: 7077888
ERCC.mCherry.EGFP.fa : chr # 28  "ERCC-00054" chrStart: 7340032
ERCC.mCherry.EGFP.fa : chr # 29  "ERCC-00057" chrStart: 7602176
ERCC.mCherry.EGFP.fa : chr # 30  "ERCC-00058" chrStart: 7864320
ERCC.mCherry.EGFP.fa : chr # 31  "ERCC-00059" chrStart: 8126464
ERCC.mCherry.EGFP.fa : chr # 32  "ERCC-00060" chrStart: 8388608
ERCC.mCherry.EGFP.fa : chr # 33  "ERCC-00061" chrStart: 8650752
ERCC.mCherry.EGFP.fa : chr # 34  "ERCC-00062" chrStart: 8912896
ERCC.mCherry.EGFP.fa : chr # 35  "ERCC-00067" chrStart: 9175040
ERCC.mCherry.EGFP.fa : chr # 36  "ERCC-00069" chrStart: 9437184
ERCC.mCherry.EGFP.fa : chr # 37  "ERCC-00071" chrStart: 9699328
ERCC.mCherry.EGFP.fa : chr # 38  "ERCC-00073" chrStart: 9961472
ERCC.mCherry.EGFP.fa : chr # 39  "ERCC-00074" chrStart: 10223616
ERCC.mCherry.EGFP.fa : chr # 40  "ERCC-00075" chrStart: 10485760
ERCC.mCherry.EGFP.fa : chr # 41  "ERCC-00076" chrStart: 10747904
ERCC.mCherry.EGFP.fa : chr # 42  "ERCC-00077" chrStart: 11010048
ERCC.mCherry.EGFP.fa : chr # 43  "ERCC-00078" chrStart: 11272192
ERCC.mCherry.EGFP.fa : chr # 44  "ERCC-00079" chrStart: 11534336
ERCC.mCherry.EGFP.fa : chr # 45  "ERCC-00081" chrStart: 11796480
ERCC.mCherry.EGFP.fa : chr # 46  "ERCC-00083" chrStart: 12058624
ERCC.mCherry.EGFP.fa : chr # 47  "ERCC-00084" chrStart: 12320768
ERCC.mCherry.EGFP.fa : chr # 48  "ERCC-00085" chrStart: 12582912
ERCC.mCherry.EGFP.fa : chr # 49  "ERCC-00086" chrStart: 12845056
ERCC.mCherry.EGFP.fa : chr # 50  "ERCC-00092" chrStart: 13107200
ERCC.mCherry.EGFP.fa : chr # 51  "ERCC-00095" chrStart: 13369344
ERCC.mCherry.EGFP.fa : chr # 52  "ERCC-00096" chrStart: 13631488
ERCC.mCherry.EGFP.fa : chr # 53  "ERCC-00097" chrStart: 13893632
ERCC.mCherry.EGFP.fa : chr # 54  "ERCC-00098" chrStart: 14155776
ERCC.mCherry.EGFP.fa : chr # 55  "ERCC-00099" chrStart: 14417920
ERCC.mCherry.EGFP.fa : chr # 56  "ERCC-00104" chrStart: 14680064
ERCC.mCherry.EGFP.fa : chr # 57  "ERCC-00108" chrStart: 14942208
ERCC.mCherry.EGFP.fa : chr # 58  "ERCC-00109" chrStart: 15204352
ERCC.mCherry.EGFP.fa : chr # 59  "ERCC-00111" chrStart: 15466496
ERCC.mCherry.EGFP.fa : chr # 60  "ERCC-00112" chrStart: 15728640
ERCC.mCherry.EGFP.fa : chr # 61  "ERCC-00113" chrStart: 15990784
ERCC.mCherry.EGFP.fa : chr # 62  "ERCC-00116" chrStart: 16252928
ERCC.mCherry.EGFP.fa : chr # 63  "ERCC-00117" chrStart: 16515072
ERCC.mCherry.EGFP.fa : chr # 64  "ERCC-00120" chrStart: 16777216
ERCC.mCherry.EGFP.fa : chr # 65  "ERCC-00123" chrStart: 17039360
ERCC.mCherry.EGFP.fa : chr # 66  "ERCC-00126" chrStart: 17301504
ERCC.mCherry.EGFP.fa : chr # 67  "ERCC-00130" chrStart: 17563648
ERCC.mCherry.EGFP.fa : chr # 68  "ERCC-00131" chrStart: 17825792
ERCC.mCherry.EGFP.fa : chr # 69  "ERCC-00134" chrStart: 18087936
ERCC.mCherry.EGFP.fa : chr # 70  "ERCC-00136" chrStart: 18350080
ERCC.mCherry.EGFP.fa : chr # 71  "ERCC-00137" chrStart: 18612224
ERCC.mCherry.EGFP.fa : chr # 72  "ERCC-00138" chrStart: 18874368
ERCC.mCherry.EGFP.fa : chr # 73  "ERCC-00142" chrStart: 19136512
ERCC.mCherry.EGFP.fa : chr # 74  "ERCC-00143" chrStart: 19398656
ERCC.mCherry.EGFP.fa : chr # 75  "ERCC-00144" chrStart: 19660800
ERCC.mCherry.EGFP.fa : chr # 76  "ERCC-00145" chrStart: 19922944
ERCC.mCherry.EGFP.fa : chr # 77  "ERCC-00147" chrStart: 20185088
ERCC.mCherry.EGFP.fa : chr # 78  "ERCC-00148" chrStart: 20447232
ERCC.mCherry.EGFP.fa : chr # 79  "ERCC-00150" chrStart: 20709376
ERCC.mCherry.EGFP.fa : chr # 80  "ERCC-00154" chrStart: 20971520
ERCC.mCherry.EGFP.fa : chr # 81  "ERCC-00156" chrStart: 21233664
ERCC.mCherry.EGFP.fa : chr # 82  "ERCC-00157" chrStart: 21495808
ERCC.mCherry.EGFP.fa : chr # 83  "ERCC-00158" chrStart: 21757952
ERCC.mCherry.EGFP.fa : chr # 84  "ERCC-00160" chrStart: 22020096
ERCC.mCherry.EGFP.fa : chr # 85  "ERCC-00162" chrStart: 22282240
ERCC.mCherry.EGFP.fa : chr # 86  "ERCC-00163" chrStart: 22544384
ERCC.mCherry.EGFP.fa : chr # 87  "ERCC-00164" chrStart: 22806528
ERCC.mCherry.EGFP.fa : chr # 88  "ERCC-00165" chrStart: 23068672
ERCC.mCherry.EGFP.fa : chr # 89  "ERCC-00168" chrStart: 23330816
ERCC.mCherry.EGFP.fa : chr # 90  "ERCC-00170" chrStart: 23592960
ERCC.mCherry.EGFP.fa : chr # 91  "ERCC-00171" chrStart: 23855104
ERCC.mCherry.EGFP.fa : chr # 92  "mCherry" chrStart: 24117248
ERCC.mCherry.EGFP.fa : chr # 93  "EGFP" chrStart: 24379392
Estimated genome size=225641536   24641536   201000000
GstrandBit=32
Number of SA indices: 168372
Feb 10 16:46:09 ... starting to sort Suffix Array. This may take a long time...
Number of chunks: 4;   chunks size limit: 448992 bytes
Feb 10 16:46:09 ... sorting Suffix Array chunks and saving them to disk...
Writing 24600 bytes into STAR_index_ERCC92.GeneAdded.mCherry.EGFP/SA_3 ; empty space on disk = 1565560848384 bytes ... done
Writing 445736 bytes into STAR_index_ERCC92.GeneAdded.mCherry.EGFP/SA_1 ; empty space on disk = 1565560819712 bytes ... done
Writing 431312 bytes into STAR_index_ERCC92.GeneAdded.mCherry.EGFP/SA_2 ; empty space on disk = 1565560373248 bytes ...Writing 445328 bytes into STAR_index_ERCC92.GeneAdded.mCherry.EGFP/SA_0 ; empty space on disk = 1565560373248 bytes ... done
 done
Feb 10 16:46:09 ... loading chunks from disk, packing SA...
Feb 10 16:46:12 ... finished generating suffix array
Feb 10 16:46:12 ... generating Suffix Array index
Feb 10 16:46:15 ... completed Suffix Array index
Feb 10 16:46:15 ..... processing annotations GTF
Processing pGe.sjdbGTFfile=ERCC92.GeneAdded.mCherry.EGFP.gtf, found:
		92 transcripts
		92 exons (non-collapsed)
		0 collapsed junctions
Feb 10 16:46:15 ..... finished GTF processing
Feb 10 16:46:15   Loaded database junctions from the GTF file: ERCC92.GeneAdded.mCherry.EGFP.gtf: 0 total junctions

Feb 10 16:46:15   Finished preparing junctions
Feb 10 16:46:15 ..... finished inserting junctions into genome
Feb 10 16:46:15 ... writing Genome to disk ...
Writing 24641536 bytes into STAR_index_ERCC92.GeneAdded.mCherry.EGFP/Genome ; empty space on disk = 1565560823808 bytes ... done
SA size in bytes: 694538
Feb 10 16:46:15 ... writing Suffix Array to disk ...
Writing 694538 bytes into STAR_index_ERCC92.GeneAdded.mCherry.EGFP/SA ; empty space on disk = 1565536182272 bytes ... done
Feb 10 16:46:15 ... writing SAindex to disk
Writing 8 bytes into STAR_index_ERCC92.GeneAdded.mCherry.EGFP/SAindex ; empty space on disk = 1565535485952 bytes ... done
Writing 120 bytes into STAR_index_ERCC92.GeneAdded.mCherry.EGFP/SAindex ; empty space on disk = 1565535485952 bytes ... done
Writing 1565873491 bytes into STAR_index_ERCC92.GeneAdded.mCherry.EGFP/SAindex ; empty space on disk = 1565535485952 bytes ... done
Feb 10 16:46:31 ..... finished successfully
DONE: Genome generation, EXITING
